Microchip MPLAB XC8 Compiler V1.12 ()

Linker command line:

--edf=C:\Program Files (x86)\Microchip\xc8\v1.12\dat\en_msgs.txt -cs \
  -h+dist/default/production\NRF_Slave.X.production.sym -z -Q18F45K22 \
  -ol.obj -Mdist/default/production/NRF_Slave.X.production.map -E1 -ver=XC8 \
  -ACODE=00h-07FFFh -ACONST=00h-07FFFh -ASMALLCONST=0600h-06FFhx122 \
  -AMEDIUMCONST=0600h-07FFFh -ACOMRAM=01h-05Fh -AABS1=00h-05FFh \
  -ABIGRAM=01h-05FFh -ARAM=060h-0FFh,0100h-01FFhx5 -ABANK0=060h-0FFh \
  -ABANK1=0100h-01FFh -ABANK2=0200h-02FFh -ABANK3=0300h-03FFh \
  -ABANK4=0400h-04FFh -ABANK5=0500h-05FFh -ASFR=0F38h-0F5Fh,0F60h-0FFFh \
  -preset_vec=00h,intcode=08h,intcodelo,powerup,init,end_init \
  -pramtop=0600h -psmallconst=SMALLCONST -pmediumconst=MEDIUMCONST \
  -pconst=CONST -AFARRAM=00h-00h -ACONFIG=0300000h-030000Dh -pconfig=CONFIG \
  -AIDLOC=0200000h-0200007h -pidloc=IDLOC -AEEDATA=0F00000h-0F000FFh \
  -peeprom_data=EEDATA \
  -prdata=COMRAM,nvrram=COMRAM,nvbit=COMRAM,rbss=COMRAM,rbit=COMRAM \
  -pfarbss=FARRAM,fardata=FARRAM \
  -pintsave_regs=BIGRAM,bigbss=BIGRAM,bigdata=BIGRAM -pbss=RAM \
  -pidata=CODE,irdata=CODE,ibigdata=CODE,ifardata=CODE \
  C:\Users\TORREN~1\AppData\Local\Temp\s1t0.obj \
  dist/default/production\NRF_Slave.X.production.obj 

Object code version is 3.10

Machine type is 18F45K22

Call graph: (short form)




                Name                               Link     Load   Length Selector   Space Scale
C:\Users\TORREN~1\AppData\Local\Temp\s1t0.obj
                end_init                             FE       FE        4        4       0
                reset_vec                             0        0        4        0       0
                idloc                            200000   200000        8   200000       0
                config                           300000   300000        E   300000       0
dist/default/production\NRF_Slave.X.production.obj
                intcode                               8        8       F6        4       0
                text12                              322      322       16        4       0
                text11                              2F2      2F2       1A        4       0
                text9                               204      204       46        4       0
                text8                               29C      29C       22        4       0
                text7                               30C      30C       16        4       0
                text6                               2D8      2D8       1A        4       0
                text5                               1BC      1BC       48        4       0
                text4                               24A      24A       2A        4       0
                text3                               164      164       58        4       0
                text2                               2BE      2BE       1A        4       0
                text1                               274      274       28        4       0
                cstackCOMRAM                          1        1       32        1       1
                bssCOMRAM                            33       33       10        1       1
                cinit                               338      338       12        4       0
                text0                               102      102       62        4       0

TOTAL           Name                               Link     Load   Length     Space
        CLASS   CODE           
                end_init                             FE       FE        4         0
                intcode                               8        8       F6         0
                reset_vec                             0        0        4         0
                text12                              322      322       16         0
                text11                              2F2      2F2       1A         0
                text9                               204      204       46         0
                text8                               29C      29C       22         0
                text7                               30C      30C       16         0
                text6                               2D8      2D8       1A         0
                text5                               1BC      1BC       48         0
                text4                               24A      24A       2A         0
                text3                               164      164       58         0
                text2                               2BE      2BE       1A         0
                text1                               274      274       28         0
                cinit                               338      338       12         0
                text0                               102      102       62         0

        CLASS   CONST          

        CLASS   SMALLCONST     

        CLASS   MEDIUMCONST    

        CLASS   COMRAM         
                cstackCOMRAM                          1        1       32         1
                bssCOMRAM                            33       33       10         1

        CLASS   ABS1           

        CLASS   BIGRAM         

        CLASS   RAM            

        CLASS   BANK0          

        CLASS   BANK1          

        CLASS   BANK2          

        CLASS   BANK3          

        CLASS   BANK4          

        CLASS   BANK5          

        CLASS   SFR            

        CLASS   FARRAM         

        CLASS   CONFIG         
                config                           300000   300000        E         0

        CLASS   IDLOC          
                idloc                            200000   200000        8         0

        CLASS   EEDATA         



SEGMENTS        Name                           Load    Length   Top    Selector   Space  Class

                reset_vec                      000000  000004  000004         0       0  CODE    
                cstackCOMRAM                   000001  000042  000043         1       1  COMRAM  
                intcode                        000008  000342  00034A         4       0  CODE    
                idloc                          200000  000008  200008    200000       0  IDLOC   
                config                         300000  00000E  30000E    300000       0  CONFIG  


UNUSED ADDRESS RANGES

        Name                Unused          Largest block    Delta
        BANK0            000060-0000FF               A0
        BANK1            000100-0001FF              100
        BANK2            000200-0002FF              100
        BANK3            000300-0003FF              100
        BANK4            000400-0004FF              100
        BANK5            000500-0005FF              100
        BIGRAM           000043-0005FF              5BD
        CODE             000004-000007                4
                         00034A-007FFF             7CB6
        COMRAM           000043-00005F               1D
        CONST            000004-000007                4
                         00034A-007FFF             7CB6
        EEDATA           F00000-F000FF              100
        MEDIUMCONST      000600-007FFF             7A00
        RAM              000060-0005FF              100
        SFR              000F38-000FFF               28
        SMALLCONST       000600-007FFF              100

                                  Symbol Table

?__delay_10ms                         cstackCOMRAM 000015
?_spi_fast_shift                      cstackCOMRAM 000015
?_spi_transfer_sync                   cstackCOMRAM 000015
?_wl_module_config_register           cstackCOMRAM 000016
?_wl_module_get_data                  cstackCOMRAM 00001B
?i2_spi_fast_shift                    cstackCOMRAM 000001
?i2_wl_module_config_register         cstackCOMRAM 000002
ISR@status                            cstackCOMRAM 000014
_ANSELBbits                           (abs)        000F39
_ANSELCbits                           (abs)        000F3A
_INTCON2bits                          (abs)        000FF1
_INTCON3bits                          (abs)        000FF0
_INTCONbits                           (abs)        000FF2
_ISR                                  intcode      000008
_LATBbits                             (abs)        000F8A
_LATD                                 (abs)        000F8C
_PIR1bits                             (abs)        000F9E
_PTX                                  bssCOMRAM    000042
_SSP1BUF                              (abs)        000FC9
_SSP1CON1bits                         (abs)        000FC6
_SSP1STATbits                         (abs)        000FC7
_TRISAbits                            (abs)        000F92
_TRISBbits                            (abs)        000F93
_TRISCbits                            (abs)        000F94
_TRISD                                (abs)        000F95
__CFG_BOREN$SBORDIS                   (abs)        000000
__CFG_BORV$190                        (abs)        000000
__CFG_FCMEN$ON                        (abs)        000000
__CFG_FOSC$HSMP                       (abs)        000000
__CFG_IESO$OFF                        (abs)        000000
__CFG_MCLRE$EXTMCLR                   (abs)        000000
__CFG_PLLCFG$OFF                      (abs)        000000
__CFG_PRICLKEN$OFF                    (abs)        000000
__CFG_PWRTEN$ON                       (abs)        000000
__CFG_WDTEN$OFF                       (abs)        000000
__HRAM                                (abs)        000000
__Habs1                               abs1         000000
__Hbank0                              bank0        000000
__Hbank1                              bank1        000000
__Hbank2                              bank2        000000
__Hbank3                              bank3        000000
__Hbank4                              bank4        000000
__Hbank5                              bank5        000000
__Hbigbss                             bigbss       000000
__Hbigdata                            bigdata      000000
__Hbigram                             bigram       000000
__Hbss                                bss          000000
__HbssCOMRAM                          bssCOMRAM    000000
__Hcinit                              cinit        000000
__Hclrtext                            clrtext      000000
__Hcomram                             comram       000000
__Hconfig                             config       30000E
__Hconst                              const        000000
__HcstackCOMRAM                       cstackCOMRAM 000000
__Hdata                               data         000000
__Heeprom_data                        eeprom_data  000000
__Hend_init                           end_init     000102
__Hfarbss                             farbss       000000
__Hfardata                            fardata      000000
__Hibigdata                           ibigdata     000000
__Hidata                              idata        000000
__Hidloc                              idloc        200008
__Hifardata                           ifardata     000000
__Hinit                               init         0000FE
__Hintcode                            intcode      0000FE
__Hintcode_body                       intcode_body 000000
__Hintcodelo                          intcodelo    0000FE
__Hintentry                           intentry     000000
__Hintret                             intret       000000
__Hintsave_regs                       intsave_regs 000000
__Hirdata                             irdata       000000
__Hmediumconst                        mediumconst  000000
__Hnvbit                              nvbit        000000
__Hnvrram                             nvrram       000000
__Hparam                              rparam       000000
__Hpowerup                            powerup      0000FE
__Hram                                ram          000000
__Hramtop                             ramtop       000600
__Hrbit                               rbit         000000
__Hrbss                               rbss         000000
__Hrdata                              rdata        000000
__Hreset_vec                          reset_vec    000004
__Hrparam                             rparam       000000
__Hsfr                                sfr          000000
__Hsmallconst                         smallconst   000000
__Hstruct                             struct       000000
__Htemp                               temp         000000
__Htext                               text         000000
__Htext0                              text0        000000
__Htext1                              text1        000000
__Htext11                             text11       000000
__Htext12                             text12       000000
__Htext13                             text13       000000
__Htext2                              text2        000000
__Htext3                              text3        000000
__Htext4                              text4        000000
__Htext5                              text5        000000
__Htext6                              text6        000000
__Htext7                              text7        000000
__Htext8                              text8        000000
__Htext9                              text9        000000
__LRAM                                (abs)        000001
__Labs1                               abs1         000000
__Lbank0                              bank0        000000
__Lbank1                              bank1        000000
__Lbank2                              bank2        000000
__Lbank3                              bank3        000000
__Lbank4                              bank4        000000
__Lbank5                              bank5        000000
__Lbigbss                             bigbss       000000
__Lbigdata                            bigdata      000000
__Lbigram                             bigram       000000
__Lbss                                bss          000000
__LbssCOMRAM                          bssCOMRAM    000000
__Lcinit                              cinit        000000
__Lclrtext                            clrtext      000000
__Lcomram                             comram       000000
__Lconfig                             config       300000
__Lconst                              const        000000
__LcstackCOMRAM                       cstackCOMRAM 000000
__Ldata                               data         000000
__Leeprom_data                        eeprom_data  000000
__Lend_init                           end_init     0000FE
__Lfarbss                             farbss       000000
__Lfardata                            fardata      000000
__Libigdata                           ibigdata     000000
__Lidata                              idata        000000
__Lidloc                              idloc        200000
__Lifardata                           ifardata     000000
__Linit                               init         0000FE
__Lintcode                            intcode      000008
__Lintcode_body                       intcode_body 000000
__Lintcodelo                          intcodelo    0000FE
__Lintentry                           intentry     000000
__Lintret                             intret       000000
__Lintsave_regs                       intsave_regs 000000
__Lirdata                             irdata       000000
__Lmediumconst                        mediumconst  000000
__Lnvbit                              nvbit        000000
__Lnvrram                             nvrram       000000
__Lparam                              rparam       000000
__Lpowerup                            powerup      0000FE
__Lram                                ram          000000
__Lramtop                             ramtop       000600
__Lrbit                               rbit         000000
__Lrbss                               rbss         000000
__Lrdata                              rdata        000000
__Lreset_vec                          reset_vec    000000
__Lrparam                             rparam       000000
__Lsfr                                sfr          000000
__Lsmallconst                         smallconst   000000
__Lstruct                             struct       000000
__Ltemp                               temp         000000
__Ltext                               text         000000
__Ltext0                              text0        000000
__Ltext1                              text1        000000
__Ltext11                             text11       000000
__Ltext12                             text12       000000
__Ltext13                             text13       000000
__Ltext2                              text2        000000
__Ltext3                              text3        000000
__Ltext4                              text4        000000
__Ltext5                              text5        000000
__Ltext6                              text6        000000
__Ltext7                              text7        000000
__Ltext8                              text8        000000
__Ltext9                              text9        000000
__S0                                  (abs)        30000E
__S1                                  (abs)        000043
__accesstop                           (abs)        000060
__activetblptr                        (abs)        000000
__delay_10ms                          text1        000274
__delay_10ms@length                   cstackCOMRAM 000015
__end_of_ISR                          intcode      0000FE
__end_of__delay_10ms                  text1        00029C
__end_of__initialization              cinit        000344
__end_of_main                         text0        000164
__end_of_spi_fast_shift               text7        000322
__end_of_spi_init                     text8        0002BE
__end_of_spi_transfer_sync            text9        00024A
__end_of_wl_module_config             text3        0001BC
__end_of_wl_module_config_register    text6        0002F2
__end_of_wl_module_data_ready         text4        000274
__end_of_wl_module_get_data           text5        000204
__end_of_wl_module_init               text2        0002D8
__end_ofi2_spi_fast_shift             text12       000338
__end_ofi2_wl_module_config_register  text11       00030C
__initialization                      cinit        000338
__mediumconst                         mediumconst  000000
__pbssCOMRAM                          bssCOMRAM    000033
__pcinit                              cinit        000338
__pcstackCOMRAM                       cstackCOMRAM 000001
__pintcode                            intcode      000008
__ptext0                              text0        000102
__ptext1                              text1        000274
__ptext11                             text11       0002F2
__ptext12                             text12       000322
__ptext13                             text13       000000
__ptext2                              text2        0002BE
__ptext3                              text3        000164
__ptext4                              text4        00024A
__ptext5                              text5        0001BC
__ptext6                              text6        0002D8
__ptext7                              text7        00030C
__ptext8                              text8        00029C
__ptext9                              text9        000204
__ramtop                              ramtop       000600
__size_of_ISR                         (abs)        000000
__size_of__delay_10ms                 (abs)        000000
__size_of_main                        (abs)        000000
__size_of_spi_fast_shift              (abs)        000000
__size_of_spi_init                    (abs)        000000
__size_of_spi_transfer_sync           (abs)        000000
__size_of_wl_module_config            (abs)        000000
__size_of_wl_module_config_register   (abs)        000000
__size_of_wl_module_data_ready        (abs)        000000
__size_of_wl_module_get_data          (abs)        000000
__size_of_wl_module_init              (abs)        000000
__size_ofi2_spi_fast_shift            (abs)        000000
__size_ofi2_wl_module_config_register (abs)        000000
__smallconst                          smallconst   000000
_main                                 text0        000102
_received_string                      bssCOMRAM    000033
_spi_fast_shift                       text7        00030C
_spi_init                             text8        00029C
_spi_transfer_sync                    text9        000204
_wl_module_config                     text3        000164
_wl_module_config_register            text6        0002D8
_wl_module_data_ready                 text4        00024A
_wl_module_get_data                   text5        0001BC
_wl_module_init                       text2        0002BE
end_of_initialization                 cinit        000344
i2_spi_fast_shift                     text12       000322
i2_wl_module_config_register          text11       0002F2
i2spi_fast_shift@data                 cstackCOMRAM 000001
i2wl_module_config_register@reg       cstackCOMRAM 000002
i2wl_module_config_register@value     cstackCOMRAM 000003
intlevel0                             text         000000
intlevel1                             text         000000
intlevel2                             text         000000
intlevel3                             text         000000
main@nRF_status                       cstackCOMRAM 000031
main@payload                          cstackCOMRAM 000021
main@zaehler                          cstackCOMRAM 000032
spi_fast_shift@data                   cstackCOMRAM 000015
spi_transfer_sync@datain              cstackCOMRAM 000017
spi_transfer_sync@dataout             cstackCOMRAM 000015
spi_transfer_sync@length              cstackCOMRAM 000019
start                                 init         0000FE
start_initialization                  cinit        000338
wl_module_config_register@reg         cstackCOMRAM 000016
wl_module_config_register@value       cstackCOMRAM 000017
wl_module_data_ready@status           cstackCOMRAM 000017
wl_module_get_data@data               cstackCOMRAM 00001B
wl_module_get_data@status             cstackCOMRAM 00001F


FUNCTION INFORMATION:

 *************** function _main *****************
 Defined at:
		line 117 in file "main.c"
 Parameters:    Size  Location     Type
		None
 Auto vars:     Size  Location     Type
  payload        16   32[COMRAM] unsigned char [16]
  zaehler         1   49[COMRAM] unsigned char 
  nRF_status      1   48[COMRAM] unsigned char 
 Return value:  Size  Location     Type
                  2   42[COMRAM] int 
 Registers used:
		wreg, fsr0l, fsr0h, fsr1l, fsr1h, fsr2l, fsr2h, status,2, status,0, pclat, tosl, structret, tblptrl, tblptrh, tblptru, prodl, prodh, bsr, cstack
 Tracked objects:
		On entry : 
		On exit  : 
		Unchanged: 
 Data sizes:     COMRAM   BANK0   BANK1   BANK2   BANK3   BANK4   BANK5
      Params:         0       0       0       0       0       0       0
      Locals:        18       0       0       0       0       0       0
      Temps:          1       0       0       0       0       0       0
      Totals:        19       0       0       0       0       0       0
Total ram usage:       19 bytes
 Hardware stack levels required when called:    6
 This function calls:
		_wl_module_init
		__delay_10ms
		_wl_module_config
		_wl_module_data_ready
		_wl_module_get_data
 This function is called by:
		Startup code after reset
 This function uses a non-reentrant model


 *************** function __delay_10ms *****************
 Defined at:
		line 29 in file "main.c"
 Parameters:    Size  Location     Type
  length          2   20[COMRAM] int 
 Auto vars:     Size  Location     Type
		None
 Return value:  Size  Location     Type
		None               void
 Registers used:
		wreg, status,2, status,0
 Tracked objects:
		On entry : 
		On exit  : 
		Unchanged: 
 Data sizes:     COMRAM   BANK0   BANK1   BANK2   BANK3   BANK4   BANK5
      Params:         2       0       0       0       0       0       0
      Locals:         0       0       0       0       0       0       0
      Temps:          1       0       0       0       0       0       0
      Totals:         3       0       0       0       0       0       0
Total ram usage:        3 bytes
 Hardware stack levels used:    1
 Hardware stack levels required when called:    3
 This function calls:
		Nothing
 This function is called by:
		_main
 This function uses a non-reentrant model


 *************** function _wl_module_init *****************
 Defined at:
		line 45 in file "wl_module.c"
 Parameters:    Size  Location     Type
		None
 Auto vars:     Size  Location     Type
		None
 Return value:  Size  Location     Type
		None               void
 Registers used:
		wreg, fsr0l, fsr0h, fsr1l, fsr1h, fsr2l, fsr2h, status,2, status,0, pclat, tosl, structret, tblptrl, tblptrh, tblptru, prodl, prodh, bsr, cstack
 Tracked objects:
		On entry : 
		On exit  : 
		Unchanged: 
 Data sizes:     COMRAM   BANK0   BANK1   BANK2   BANK3   BANK4   BANK5
      Params:         0       0       0       0       0       0       0
      Locals:         0       0       0       0       0       0       0
      Temps:          0       0       0       0       0       0       0
      Totals:         0       0       0       0       0       0       0
Total ram usage:        0 bytes
 Hardware stack levels used:    1
 Hardware stack levels required when called:    4
 This function calls:
		_spi_init
 This function is called by:
		_main
 This function uses a non-reentrant model


 *************** function _wl_module_config *****************
 Defined at:
		line 66 in file "wl_module.c"
 Parameters:    Size  Location     Type
		None
 Auto vars:     Size  Location     Type
		None
 Return value:  Size  Location     Type
		None               void
 Registers used:
		wreg, fsr0l, fsr0h, fsr1l, fsr1h, fsr2l, fsr2h, status,2, status,0, pclat, tosl, structret, tblptrl, tblptrh, tblptru, prodl, prodh, bsr, cstack
 Tracked objects:
		On entry : 
		On exit  : 
		Unchanged: 
 Data sizes:     COMRAM   BANK0   BANK1   BANK2   BANK3   BANK4   BANK5
      Params:         0       0       0       0       0       0       0
      Locals:         0       0       0       0       0       0       0
      Temps:          2       0       0       0       0       0       0
      Totals:         2       0       0       0       0       0       0
Total ram usage:        2 bytes
 Hardware stack levels used:    1
 Hardware stack levels required when called:    5
 This function calls:
		_wl_module_config_register
 This function is called by:
		_main
 This function uses a non-reentrant model


 *************** function _wl_module_data_ready *****************
 Defined at:
		line 328 in file "wl_module.c"
 Parameters:    Size  Location     Type
		None
 Auto vars:     Size  Location     Type
  status          1   22[COMRAM] unsigned char 
 Return value:  Size  Location     Type
                  1    wreg      unsigned char 
 Registers used:
		wreg, fsr0l, fsr0h, fsr1l, fsr1h, fsr2l, fsr2h, status,2, status,0, pclat, tosl, structret, tblptrl, tblptrh, tblptru, prodl, prodh, bsr, cstack
 Tracked objects:
		On entry : 
		On exit  : 
		Unchanged: 
 Data sizes:     COMRAM   BANK0   BANK1   BANK2   BANK3   BANK4   BANK5
      Params:         0       0       0       0       0       0       0
      Locals:         1       0       0       0       0       0       0
      Temps:          1       0       0       0       0       0       0
      Totals:         2       0       0       0       0       0       0
Total ram usage:        2 bytes
 Hardware stack levels used:    1
 Hardware stack levels required when called:    4
 This function calls:
		_spi_fast_shift
 This function is called by:
		_main
 This function uses a non-reentrant model


 *************** function _wl_module_get_data *****************
 Defined at:
		line 426 in file "wl_module.c"
 Parameters:    Size  Location     Type
  data            2   26[COMRAM] PTR unsigned char 
		 -> main@payload(16), 
 Auto vars:     Size  Location     Type
  status          1   30[COMRAM] unsigned char 
 Return value:  Size  Location     Type
                  1    wreg      unsigned char 
 Registers used:
		wreg, fsr0l, fsr0h, fsr1l, fsr1h, fsr2l, fsr2h, status,2, status,0, pclat, tosl, structret, tblptrl, tblptrh, tblptru, prodl, prodh, bsr, cstack
 Tracked objects:
		On entry : 
		On exit  : 
		Unchanged: 
 Data sizes:     COMRAM   BANK0   BANK1   BANK2   BANK3   BANK4   BANK5
      Params:         2       0       0       0       0       0       0
      Locals:         1       0       0       0       0       0       0
      Temps:          2       0       0       0       0       0       0
      Totals:         5       0       0       0       0       0       0
Total ram usage:        5 bytes
 Hardware stack levels used:    1
 Hardware stack levels required when called:    5
 This function calls:
		_spi_fast_shift
		_spi_transfer_sync
		_wl_module_config_register
 This function is called by:
		_main
 This function uses a non-reentrant model


 *************** function _wl_module_config_register *****************
 Defined at:
		line 438 in file "wl_module.c"
 Parameters:    Size  Location     Type
  reg             1   21[COMRAM] unsigned char 
  value           1   22[COMRAM] unsigned char 
 Auto vars:     Size  Location     Type
		None
 Return value:  Size  Location     Type
		None               void
 Registers used:
		wreg, status,2, status,0, cstack
 Tracked objects:
		On entry : 
		On exit  : 
		Unchanged: 
 Data sizes:     COMRAM   BANK0   BANK1   BANK2   BANK3   BANK4   BANK5
      Params:         2       0       0       0       0       0       0
      Locals:         0       0       0       0       0       0       0
      Temps:          0       0       0       0       0       0       0
      Totals:         2       0       0       0       0       0       0
Total ram usage:        2 bytes
 Hardware stack levels used:    1
 Hardware stack levels required when called:    4
 This function calls:
		_spi_fast_shift
 This function is called by:
		_wl_module_config
		_wl_module_get_data
		_wl_module_rx_config
		_wl_module_tx_config
		_wl_module_send
 This function uses a non-reentrant model


 *************** function _spi_fast_shift *****************
 Defined at:
		line 49 in file "spi.c"
 Parameters:    Size  Location     Type
  data            1   20[COMRAM] unsigned char 
 Auto vars:     Size  Location     Type
		None
 Return value:  Size  Location     Type
                  1    wreg      unsigned char 
 Registers used:
		wreg, status,2
 Tracked objects:
		On entry : 
		On exit  : 
		Unchanged: 
 Data sizes:     COMRAM   BANK0   BANK1   BANK2   BANK3   BANK4   BANK5
      Params:         1       0       0       0       0       0       0
      Locals:         0       0       0       0       0       0       0
      Temps:          0       0       0       0       0       0       0
      Totals:         1       0       0       0       0       0       0
Total ram usage:        1 bytes
 Hardware stack levels used:    1
 Hardware stack levels required when called:    3
 This function calls:
		Nothing
 This function is called by:
		_wl_module_data_ready
		_wl_module_get_data
		_wl_module_config_register
		_wl_module_get_one_byte
		_wl_module_read_register
		_wl_module_write_register
		_wl_module_send
 This function uses a non-reentrant model


 *************** function _spi_init *****************
 Defined at:
		line 4 in file "spi.c"
 Parameters:    Size  Location     Type
		None
 Auto vars:     Size  Location     Type
		None
 Return value:  Size  Location     Type
		None               void
 Registers used:
		None
 Tracked objects:
		On entry : 
		On exit  : 
		Unchanged: 
 Data sizes:     COMRAM   BANK0   BANK1   BANK2   BANK3   BANK4   BANK5
      Params:         0       0       0       0       0       0       0
      Locals:         0       0       0       0       0       0       0
      Temps:          0       0       0       0       0       0       0
      Totals:         0       0       0       0       0       0       0
Total ram usage:        0 bytes
 Hardware stack levels used:    1
 Hardware stack levels required when called:    3
 This function calls:
		Nothing
 This function is called by:
		_wl_module_init
 This function uses a non-reentrant model


 *************** function _spi_transfer_sync *****************
 Defined at:
		line 37 in file "spi.c"
 Parameters:    Size  Location     Type
  dataout         2   20[COMRAM] PTR unsigned char 
		 -> wl_module_get_arc_cnt@data(1), wl_module_get_plos_cnt@data(1), wl_module_get_rf_setup@data(1), wl_module_get_rf_ch@data(1), 
		 -> wl_module_fifo_rx_empty@data(1), wl_module_fifo_tx_empty@data(1), wl_module_get_rx_pw@data(1), wl_module_power_down@config(1), 
		 -> wl_module_set_as_tx@config(1), main@payload(16), 
  datain          2   22[COMRAM] PTR unsigned char 
		 -> wl_module_get_arc_cnt@data(1), wl_module_get_plos_cnt@data(1), wl_module_get_rf_setup@data(1), wl_module_get_rf_ch@data(1), 
		 -> wl_module_fifo_rx_empty@data(1), wl_module_fifo_tx_empty@data(1), wl_module_get_rx_pw@data(1), wl_module_power_down@config(1), 
		 -> wl_module_set_as_tx@config(1), main@payload(16), 
  length          2   24[COMRAM] unsigned int 
 Auto vars:     Size  Location     Type
		None
 Return value:  Size  Location     Type
		None               void
 Registers used:
		wreg, fsr2l, fsr2h, status,2, status,0
 Tracked objects:
		On entry : 
		On exit  : 
		Unchanged: 
 Data sizes:     COMRAM   BANK0   BANK1   BANK2   BANK3   BANK4   BANK5
      Params:         6       0       0       0       0       0       0
      Locals:         0       0       0       0       0       0       0
      Temps:          0       0       0       0       0       0       0
      Totals:         6       0       0       0       0       0       0
Total ram usage:        6 bytes
 Hardware stack levels used:    1
 Hardware stack levels required when called:    3
 This function calls:
		Nothing
 This function is called by:
		_wl_module_get_data
		_wl_module_read_register
 This function uses a non-reentrant model


 *************** function _ISR *****************
 Defined at:
		line 145 in file "main.c"
 Parameters:    Size  Location     Type
		None
 Auto vars:     Size  Location     Type
  status          1   19[COMRAM] unsigned char 
 Return value:  Size  Location     Type
		None               void
 Registers used:
		wreg, status,2, status,0, cstack
 Tracked objects:
		On entry : 
		On exit  : 
		Unchanged: 
 Data sizes:     COMRAM   BANK0   BANK1   BANK2   BANK3   BANK4   BANK5
      Params:         0       0       0       0       0       0       0
      Locals:         1       0       0       0       0       0       0
      Temps:         16       0       0       0       0       0       0
      Totals:        17       0       0       0       0       0       0
Total ram usage:       17 bytes
 Hardware stack levels used:    1
 Hardware stack levels required when called:    2
 This function calls:
		i2_spi_fast_shift
		i2_wl_module_config_register
 This function is called by:
		Interrupt level 2
 This function uses a non-reentrant model


 *************** function i2_wl_module_config_register *****************
 Defined at:
		line 438 in file "wl_module.c"
 Parameters:    Size  Location     Type
  wl_module_co    1    1[COMRAM] unsigned char 
  wl_module_co    1    2[COMRAM] unsigned char 
 Auto vars:     Size  Location     Type
		None
 Return value:  Size  Location     Type
		None               void
 Registers used:
		wreg, status,2, status,0, cstack
 Tracked objects:
		On entry : 
		On exit  : 
		Unchanged: 
 Data sizes:     COMRAM   BANK0   BANK1   BANK2   BANK3   BANK4   BANK5
      Params:         2       0       0       0       0       0       0
      Locals:         0       0       0       0       0       0       0
      Temps:          0       0       0       0       0       0       0
      Totals:         2       0       0       0       0       0       0
Total ram usage:        2 bytes
 Hardware stack levels used:    1
 Hardware stack levels required when called:    1
 This function calls:
		i2_spi_fast_shift
 This function is called by:
		_ISR
 This function uses a non-reentrant model


 *************** function i2_spi_fast_shift *****************
 Defined at:
		line 49 in file "spi.c"
 Parameters:    Size  Location     Type
  spi_fast_shi    1    0[COMRAM] unsigned char 
 Auto vars:     Size  Location     Type
		None
 Return value:  Size  Location     Type
                  1    wreg      unsigned char 
 Registers used:
		wreg, status,2
 Tracked objects:
		On entry : 
		On exit  : 
		Unchanged: 
 Data sizes:     COMRAM   BANK0   BANK1   BANK2   BANK3   BANK4   BANK5
      Params:         1       0       0       0       0       0       0
      Locals:         0       0       0       0       0       0       0
      Temps:          0       0       0       0       0       0       0
      Totals:         1       0       0       0       0       0       0
Total ram usage:        1 bytes
 Hardware stack levels used:    1
 This function calls:
		Nothing
 This function is called by:
		_ISR
		i2_wl_module_config_register
 This function uses a non-reentrant model



MODULE INFORMATION

Module		Function		Class		Link	Load	Size
wl_module.c
		_wl_module_data		CODE           	024A	0000	42
		_wl_module_conf		CODE           	0164	0000	88
		_wl_module_conf		CODE           	02D8	0000	26
		_wl_module_init		CODE           	02BE	0000	26
		_wl_module_get_		CODE           	01BC	0000	72

wl_module.c estimated size: 254

shared
		i2_spi_fast_shi		CODE           	0322	0000	22
		__initializatio		CODE           	0338	0000	12
		i2_wl_module_co		CODE           	02F2	0000	26

shared estimated size: 60

main.c
		_ISR           		CODE           	0008	0000	246
		_main          		CODE           	0102	0000	98
		__delay_10ms   		CODE           	0274	0000	40

main.c estimated size: 384

spi.c
		_spi_init      		CODE           	029C	0000	34
		_spi_transfer_s		CODE           	0204	0000	70
		_spi_fast_shift		CODE           	030C	0000	22

spi.c estimated size: 126

