Microchip MPLAB XC8 Compiler V1.12 ()

Linker command line:

--edf=C:\Program Files (x86)\Microchip\xc8\v1.12\dat\en_msgs.txt -cs \
  -h+dist/default/production\NRF_Master.X.production.sym -z -Q18F45K22 \
  -ol.obj -Mdist/default/production/NRF_Master.X.production.map -E1 \
  -ver=XC8 -ACODE=00h-07FFFh -ACONST=00h-07FFFh \
  -ASMALLCONST=0600h-06FFhx122 -AMEDIUMCONST=0600h-07FFFh -ACOMRAM=01h-05Fh \
  -AABS1=00h-05FFh -ABIGRAM=01h-05FFh -ARAM=060h-0FFh,0100h-01FFhx5 \
  -ABANK0=060h-0FFh -ABANK1=0100h-01FFh -ABANK2=0200h-02FFh \
  -ABANK3=0300h-03FFh -ABANK4=0400h-04FFh -ABANK5=0500h-05FFh \
  -ASFR=0F38h-0F5Fh,0F60h-0FFFh \
  -preset_vec=00h,intcode=08h,intcodelo,powerup,init,end_init \
  -pramtop=0600h -psmallconst=SMALLCONST -pmediumconst=MEDIUMCONST \
  -pconst=CONST -AFARRAM=00h-00h -ACONFIG=0300000h-030000Dh -pconfig=CONFIG \
  -AIDLOC=0200000h-0200007h -pidloc=IDLOC -AEEDATA=0F00000h-0F000FFh \
  -peeprom_data=EEDATA \
  -prdata=COMRAM,nvrram=COMRAM,nvbit=COMRAM,rbss=COMRAM,rbit=COMRAM \
  -pfarbss=FARRAM,fardata=FARRAM \
  -pintsave_regs=BIGRAM,bigbss=BIGRAM,bigdata=BIGRAM -pbss=RAM \
  -pidata=CODE,irdata=CODE,ibigdata=CODE,ifardata=CODE \
  C:\Users\TORREN~1\AppData\Local\Temp\s33g.obj \
  dist/default/production\NRF_Master.X.production.obj 

Object code version is 3.10

Machine type is 18F45K22

Call graph: (short form)




                Name                               Link     Load   Length Selector   Space Scale
C:\Users\TORREN~1\AppData\Local\Temp\s33g.obj
                end_init                             FE       FE        4        4       0
                reset_vec                             0        0        4        0       0
                idloc                            200000   200000        8   200000       0
                config                           300000   300000        E   300000       0
dist/default/production\NRF_Master.X.production.obj
                intcode                               8        8       F6        4       0
                text14                              53E      53E       16        4       0
                text13                              50E      50E       1A        4       0
                text11                              3F2      3F2       3A        4       0
                text10                              528      528       16        4       0
                text9                               454      454       24        4       0
                text8                               49A      49A       22        4       0
                text7                               4BC      4BC       1E        4       0
                text6                               478      478       22        4       0
                text5                               4F4      4F4       1A        4       0
                text4                               38E      38E       64        4       0
                text3                               102      102      1D2        4       0
                text2                               4DA      4DA       1A        4       0
                text1                               42C      42C       28        4       0
                cstackCOMRAM                          1        1       3C        1       1
                bssCOMRAM                            3D       3D       10        1       1
                cinit                               554      554       12        4       0
                text0                               2D4      2D4       BA        4       0

TOTAL           Name                               Link     Load   Length     Space
        CLASS   CODE           
                end_init                             FE       FE        4         0
                intcode                               8        8       F6         0
                reset_vec                             0        0        4         0
                text14                              53E      53E       16         0
                text13                              50E      50E       1A         0
                text11                              3F2      3F2       3A         0
                text10                              528      528       16         0
                text9                               454      454       24         0
                text8                               49A      49A       22         0
                text7                               4BC      4BC       1E         0
                text6                               478      478       22         0
                text5                               4F4      4F4       1A         0
                text4                               38E      38E       64         0
                text3                               102      102      1D2         0
                text2                               4DA      4DA       1A         0
                text1                               42C      42C       28         0
                cinit                               554      554       12         0
                text0                               2D4      2D4       BA         0

        CLASS   CONST          

        CLASS   SMALLCONST     

        CLASS   MEDIUMCONST    

        CLASS   COMRAM         
                cstackCOMRAM                          1        1       3C         1
                bssCOMRAM                            3D       3D       10         1

        CLASS   ABS1           

        CLASS   BIGRAM         

        CLASS   RAM            

        CLASS   BANK0          

        CLASS   BANK1          

        CLASS   BANK2          

        CLASS   BANK3          

        CLASS   BANK4          

        CLASS   BANK5          

        CLASS   SFR            

        CLASS   FARRAM         

        CLASS   CONFIG         
                config                           300000   300000        E         0

        CLASS   IDLOC          
                idloc                            200000   200000        8         0

        CLASS   EEDATA         



SEGMENTS        Name                           Load    Length   Top    Selector   Space  Class

                reset_vec                      000000  000004  000004         0       0  CODE    
                cstackCOMRAM                   000001  00004C  00004D         1       1  COMRAM  
                intcode                        000008  00055E  000566         4       0  CODE    
                idloc                          200000  000008  200008    200000       0  IDLOC   
                config                         300000  00000E  30000E    300000       0  CONFIG  


UNUSED ADDRESS RANGES

        Name                Unused          Largest block    Delta
        BANK0            000060-0000FF               A0
        BANK1            000100-0001FF              100
        BANK2            000200-0002FF              100
        BANK3            000300-0003FF              100
        BANK4            000400-0004FF              100
        BANK5            000500-0005FF              100
        BIGRAM           00004D-0005FF              5B3
        CODE             000004-000007                4
                         000566-007FFF             7A9A
        COMRAM           00004D-00005F               13
        CONST            000004-000007                4
                         000566-007FFF             7A9A
        EEDATA           F00000-F000FF              100
        MEDIUMCONST      000600-007FFF             7A00
        RAM              000060-0005FF              100
        SFR              000F38-000FFF               28
        SMALLCONST       000600-007FFF              100

                                  Symbol Table

?__delay_10ms                         cstackCOMRAM 000015
?_spi_fast_shift                      cstackCOMRAM 000015
?_spi_transmit_sync                   cstackCOMRAM 000015
?_wl_module_config_register           cstackCOMRAM 000016
?_wl_module_send                      cstackCOMRAM 00001A
?_wl_module_set_RADDR                 cstackCOMRAM 00001E
?_wl_module_set_TADDR                 cstackCOMRAM 00001E
?_wl_module_tx_config                 cstackCOMRAM 000022
?_wl_module_write_register            cstackCOMRAM 00001A
?i2_spi_fast_shift                    cstackCOMRAM 000001
?i2_wl_module_config_register         cstackCOMRAM 000002
ISR@status                            cstackCOMRAM 000014
_ANSELBbits                           (abs)        000F39
_ANSELCbits                           (abs)        000F3A
_INTCON2bits                          (abs)        000FF1
_INTCON3bits                          (abs)        000FF0
_INTCONbits                           (abs)        000FF2
_ISR                                  intcode      000008
_LATBbits                             (abs)        000F8A
_LATDbits                             (abs)        000F8C
_PIR1bits                             (abs)        000F9E
_PTX                                  bssCOMRAM    00004C
_SSP1BUF                              (abs)        000FC9
_SSP1CON1bits                         (abs)        000FC6
_SSP1STATbits                         (abs)        000FC7
_TRISAbits                            (abs)        000F92
_TRISBbits                            (abs)        000F93
_TRISCbits                            (abs)        000F94
_TRISDbits                            (abs)        000F95
__CFG_BOREN$SBORDIS                   (abs)        000000
__CFG_BORV$190                        (abs)        000000
__CFG_FCMEN$ON                        (abs)        000000
__CFG_FOSC$HSMP                       (abs)        000000
__CFG_IESO$OFF                        (abs)        000000
__CFG_MCLRE$EXTMCLR                   (abs)        000000
__CFG_PLLCFG$OFF                      (abs)        000000
__CFG_PRICLKEN$OFF                    (abs)        000000
__CFG_PWRTEN$ON                       (abs)        000000
__CFG_WDTEN$OFF                       (abs)        000000
__HRAM                                (abs)        000000
__Habs1                               abs1         000000
__Hbank0                              bank0        000000
__Hbank1                              bank1        000000
__Hbank2                              bank2        000000
__Hbank3                              bank3        000000
__Hbank4                              bank4        000000
__Hbank5                              bank5        000000
__Hbigbss                             bigbss       000000
__Hbigdata                            bigdata      000000
__Hbigram                             bigram       000000
__Hbss                                bss          000000
__HbssCOMRAM                          bssCOMRAM    000000
__Hcinit                              cinit        000000
__Hclrtext                            clrtext      000000
__Hcomram                             comram       000000
__Hconfig                             config       30000E
__Hconst                              const        000000
__HcstackCOMRAM                       cstackCOMRAM 000000
__Hdata                               data         000000
__Heeprom_data                        eeprom_data  000000
__Hend_init                           end_init     000102
__Hfarbss                             farbss       000000
__Hfardata                            fardata      000000
__Hibigdata                           ibigdata     000000
__Hidata                              idata        000000
__Hidloc                              idloc        200008
__Hifardata                           ifardata     000000
__Hinit                               init         0000FE
__Hintcode                            intcode      0000FE
__Hintcode_body                       intcode_body 000000
__Hintcodelo                          intcodelo    0000FE
__Hintentry                           intentry     000000
__Hintret                             intret       000000
__Hintsave_regs                       intsave_regs 000000
__Hirdata                             irdata       000000
__Hmediumconst                        mediumconst  000000
__Hnvbit                              nvbit        000000
__Hnvrram                             nvrram       000000
__Hparam                              rparam       000000
__Hpowerup                            powerup      0000FE
__Hram                                ram          000000
__Hramtop                             ramtop       000600
__Hrbit                               rbit         000000
__Hrbss                               rbss         000000
__Hrdata                              rdata        000000
__Hreset_vec                          reset_vec    000004
__Hrparam                             rparam       000000
__Hsfr                                sfr          000000
__Hsmallconst                         smallconst   000000
__Hstruct                             struct       000000
__Htemp                               temp         000000
__Htext                               text         000000
__Htext0                              text0        000000
__Htext1                              text1        000000
__Htext10                             text10       000000
__Htext11                             text11       000000
__Htext13                             text13       000000
__Htext14                             text14       000000
__Htext15                             text15       000000
__Htext2                              text2        000000
__Htext3                              text3        000000
__Htext4                              text4        000000
__Htext5                              text5        000000
__Htext6                              text6        000000
__Htext7                              text7        000000
__Htext8                              text8        000000
__Htext9                              text9        000000
__LRAM                                (abs)        000001
__Labs1                               abs1         000000
__Lbank0                              bank0        000000
__Lbank1                              bank1        000000
__Lbank2                              bank2        000000
__Lbank3                              bank3        000000
__Lbank4                              bank4        000000
__Lbank5                              bank5        000000
__Lbigbss                             bigbss       000000
__Lbigdata                            bigdata      000000
__Lbigram                             bigram       000000
__Lbss                                bss          000000
__LbssCOMRAM                          bssCOMRAM    000000
__Lcinit                              cinit        000000
__Lclrtext                            clrtext      000000
__Lcomram                             comram       000000
__Lconfig                             config       300000
__Lconst                              const        000000
__LcstackCOMRAM                       cstackCOMRAM 000000
__Ldata                               data         000000
__Leeprom_data                        eeprom_data  000000
__Lend_init                           end_init     0000FE
__Lfarbss                             farbss       000000
__Lfardata                            fardata      000000
__Libigdata                           ibigdata     000000
__Lidata                              idata        000000
__Lidloc                              idloc        200000
__Lifardata                           ifardata     000000
__Linit                               init         0000FE
__Lintcode                            intcode      000008
__Lintcode_body                       intcode_body 000000
__Lintcodelo                          intcodelo    0000FE
__Lintentry                           intentry     000000
__Lintret                             intret       000000
__Lintsave_regs                       intsave_regs 000000
__Lirdata                             irdata       000000
__Lmediumconst                        mediumconst  000000
__Lnvbit                              nvbit        000000
__Lnvrram                             nvrram       000000
__Lparam                              rparam       000000
__Lpowerup                            powerup      0000FE
__Lram                                ram          000000
__Lramtop                             ramtop       000600
__Lrbit                               rbit         000000
__Lrbss                               rbss         000000
__Lrdata                              rdata        000000
__Lreset_vec                          reset_vec    000000
__Lrparam                             rparam       000000
__Lsfr                                sfr          000000
__Lsmallconst                         smallconst   000000
__Lstruct                             struct       000000
__Ltemp                               temp         000000
__Ltext                               text         000000
__Ltext0                              text0        000000
__Ltext1                              text1        000000
__Ltext10                             text10       000000
__Ltext11                             text11       000000
__Ltext13                             text13       000000
__Ltext14                             text14       000000
__Ltext15                             text15       000000
__Ltext2                              text2        000000
__Ltext3                              text3        000000
__Ltext4                              text4        000000
__Ltext5                              text5        000000
__Ltext6                              text6        000000
__Ltext7                              text7        000000
__Ltext8                              text8        000000
__Ltext9                              text9        000000
__S0                                  (abs)        30000E
__S1                                  (abs)        00004D
__accesstop                           (abs)        000060
__activetblptr                        (abs)        000000
__delay_10ms                          text1        00042C
__delay_10ms@length                   cstackCOMRAM 000015
__end_of_ISR                          intcode      0000FE
__end_of__delay_10ms                  text1        000454
__end_of__initialization              cinit        000560
__end_of_main                         text0        00038E
__end_of_spi_fast_shift               text10       00053E
__end_of_spi_init                     text6        00049A
__end_of_spi_transmit_sync            text11       00042C
__end_of_wl_module_config_register    text5        00050E
__end_of_wl_module_init               text2        0004F4
__end_of_wl_module_send               text4        0003F2
__end_of_wl_module_set_RADDR          text8        0004BC
__end_of_wl_module_set_TADDR          text7        0004DA
__end_of_wl_module_tx_config          text3        0002D4
__end_of_wl_module_write_register     text9        000478
__end_ofi2_spi_fast_shift             text14       000554
__end_ofi2_wl_module_config_register  text13       000528
__initialization                      cinit        000554
__mediumconst                         mediumconst  000000
__pbssCOMRAM                          bssCOMRAM    00003D
__pcinit                              cinit        000554
__pcstackCOMRAM                       cstackCOMRAM 000001
__pintcode                            intcode      000008
__ptext0                              text0        0002D4
__ptext1                              text1        00042C
__ptext10                             text10       000528
__ptext11                             text11       0003F2
__ptext13                             text13       00050E
__ptext14                             text14       00053E
__ptext15                             text15       000000
__ptext2                              text2        0004DA
__ptext3                              text3        000102
__ptext4                              text4        00038E
__ptext5                              text5        0004F4
__ptext6                              text6        000478
__ptext7                              text7        0004BC
__ptext8                              text8        00049A
__ptext9                              text9        000454
__ramtop                              ramtop       000600
__size_of_ISR                         (abs)        000000
__size_of__delay_10ms                 (abs)        000000
__size_of_main                        (abs)        000000
__size_of_spi_fast_shift              (abs)        000000
__size_of_spi_init                    (abs)        000000
__size_of_spi_transmit_sync           (abs)        000000
__size_of_wl_module_config_register   (abs)        000000
__size_of_wl_module_init              (abs)        000000
__size_of_wl_module_send              (abs)        000000
__size_of_wl_module_set_RADDR         (abs)        000000
__size_of_wl_module_set_TADDR         (abs)        000000
__size_of_wl_module_tx_config         (abs)        000000
__size_of_wl_module_write_register    (abs)        000000
__size_ofi2_spi_fast_shift            (abs)        000000
__size_ofi2_wl_module_config_register (abs)        000000
__smallconst                          smallconst   000000
_main                                 text0        0002D4
_received_string                      bssCOMRAM    00003D
_spi_fast_shift                       text10       000528
_spi_init                             text6        000478
_spi_transmit_sync                    text11       0003F2
_wl_module_config_register            text5        0004F4
_wl_module_init                       text2        0004DA
_wl_module_send                       text4        00038E
_wl_module_set_RADDR                  text8        00049A
_wl_module_set_TADDR                  text7        0004BC
_wl_module_tx_config                  text3        000102
_wl_module_write_register             text9        000454
end_of_initialization                 cinit        000560
i2_spi_fast_shift                     text14       00053E
i2_wl_module_config_register          text13       00050E
i2spi_fast_shift@data                 cstackCOMRAM 000001
i2wl_module_config_register@reg       cstackCOMRAM 000002
i2wl_module_config_register@value     cstackCOMRAM 000003
intlevel0                             text         000000
intlevel1                             text         000000
intlevel2                             text         000000
intlevel3                             text         000000
main@k                                cstackCOMRAM 00003C
main@maincounter                      cstackCOMRAM 00003B
main@payload                          cstackCOMRAM 00002B
spi_fast_shift@data                   cstackCOMRAM 000015
spi_transmit_sync@data                cstackCOMRAM 000015
spi_transmit_sync@length              cstackCOMRAM 000017
spi_transmit_sync@tmp                 cstackCOMRAM 000019
start                                 init         0000FE
start_initialization                  cinit        000554
wl_module_config_register@reg         cstackCOMRAM 000016
wl_module_config_register@value       cstackCOMRAM 000017
wl_module_send@len                    cstackCOMRAM 00001C
wl_module_send@value                  cstackCOMRAM 00001A
wl_module_set_RADDR@adr               cstackCOMRAM 00001E
wl_module_set_TADDR@adr               cstackCOMRAM 00001E
wl_module_tx_config@tx_addr           cstackCOMRAM 000025
wl_module_tx_config@tx_nr             cstackCOMRAM 000022
wl_module_write_register@len          cstackCOMRAM 00001D
wl_module_write_register@reg          cstackCOMRAM 00001A
wl_module_write_register@value        cstackCOMRAM 00001B


FUNCTION INFORMATION:

 *************** function _main *****************
 Defined at:
		line 117 in file "main.c"
 Parameters:    Size  Location     Type
		None
 Auto vars:     Size  Location     Type
  payload        16   42[COMRAM] unsigned char [16]
  k               1   59[COMRAM] unsigned char 
  maincounter     1   58[COMRAM] unsigned char 
 Return value:  Size  Location     Type
                  2   40[COMRAM] int 
 Registers used:
		wreg, fsr0l, fsr0h, fsr1l, fsr1h, fsr2l, fsr2h, status,2, status,0, pclat, tosl, structret, tblptrl, tblptrh, tblptru, prodl, prodh, bsr, cstack
 Tracked objects:
		On entry : 
		On exit  : 
		Unchanged: 
 Data sizes:     COMRAM   BANK0   BANK1   BANK2   BANK3   BANK4   BANK5
      Params:         0       0       0       0       0       0       0
      Locals:        18       0       0       0       0       0       0
      Temps:          1       0       0       0       0       0       0
      Totals:        19       0       0       0       0       0       0
Total ram usage:       19 bytes
 Hardware stack levels required when called:    7
 This function calls:
		_wl_module_init
		__delay_10ms
		_wl_module_tx_config
		_wl_module_send
 This function is called by:
		Startup code after reset
 This function uses a non-reentrant model


 *************** function __delay_10ms *****************
 Defined at:
		line 29 in file "main.c"
 Parameters:    Size  Location     Type
  length          2   20[COMRAM] int 
 Auto vars:     Size  Location     Type
		None
 Return value:  Size  Location     Type
		None               void
 Registers used:
		wreg, status,2, status,0
 Tracked objects:
		On entry : 
		On exit  : 
		Unchanged: 
 Data sizes:     COMRAM   BANK0   BANK1   BANK2   BANK3   BANK4   BANK5
      Params:         2       0       0       0       0       0       0
      Locals:         0       0       0       0       0       0       0
      Temps:          1       0       0       0       0       0       0
      Totals:         3       0       0       0       0       0       0
Total ram usage:        3 bytes
 Hardware stack levels used:    1
 Hardware stack levels required when called:    3
 This function calls:
		Nothing
 This function is called by:
		_main
 This function uses a non-reentrant model


 *************** function _wl_module_init *****************
 Defined at:
		line 45 in file "wl_module.c"
 Parameters:    Size  Location     Type
		None
 Auto vars:     Size  Location     Type
		None
 Return value:  Size  Location     Type
		None               void
 Registers used:
		wreg, fsr0l, fsr0h, fsr1l, fsr1h, fsr2l, fsr2h, status,2, status,0, pclat, tosl, structret, tblptrl, tblptrh, tblptru, prodl, prodh, bsr, cstack
 Tracked objects:
		On entry : 
		On exit  : 
		Unchanged: 
 Data sizes:     COMRAM   BANK0   BANK1   BANK2   BANK3   BANK4   BANK5
      Params:         0       0       0       0       0       0       0
      Locals:         0       0       0       0       0       0       0
      Temps:          0       0       0       0       0       0       0
      Totals:         0       0       0       0       0       0       0
Total ram usage:        0 bytes
 Hardware stack levels used:    1
 Hardware stack levels required when called:    4
 This function calls:
		_spi_init
 This function is called by:
		_main
 This function uses a non-reentrant model


 *************** function _wl_module_tx_config *****************
 Defined at:
		line 126 in file "wl_module.c"
 Parameters:    Size  Location     Type
  tx_nr           1   33[COMRAM] unsigned char 
 Auto vars:     Size  Location     Type
  tx_addr         5   36[COMRAM] unsigned char [5]
 Return value:  Size  Location     Type
		None               void
 Registers used:
		wreg, fsr0l, fsr0h, fsr1l, fsr1h, fsr2l, fsr2h, status,2, status,0, pclat, tosl, structret, tblptrl, tblptrh, tblptru, prodl, prodh, bsr, cstack
 Tracked objects:
		On entry : 
		On exit  : 
		Unchanged: 
 Data sizes:     COMRAM   BANK0   BANK1   BANK2   BANK3   BANK4   BANK5
      Params:         1       0       0       0       0       0       0
      Locals:         5       0       0       0       0       0       0
      Temps:          2       0       0       0       0       0       0
      Totals:         8       0       0       0       0       0       0
Total ram usage:        8 bytes
 Hardware stack levels used:    1
 Hardware stack levels required when called:    6
 This function calls:
		_wl_module_config_register
		_wl_module_set_TADDR
		_wl_module_set_RADDR
 This function is called by:
		_main
 This function uses a non-reentrant model


 *************** function _wl_module_send *****************
 Defined at:
		line 467 in file "wl_module.c"
 Parameters:    Size  Location     Type
  value           2   25[COMRAM] PTR unsigned char 
		 -> main@payload(16), 
  len             1   27[COMRAM] unsigned char 
 Auto vars:     Size  Location     Type
		None
 Return value:  Size  Location     Type
		None               void
 Registers used:
		wreg, fsr0l, fsr0h, fsr1l, fsr1h, fsr2l, fsr2h, status,2, status,0, pclat, tosl, structret, tblptrl, tblptrh, tblptru, prodl, prodh, bsr, cstack
 Tracked objects:
		On entry : 
		On exit  : 
		Unchanged: 
 Data sizes:     COMRAM   BANK0   BANK1   BANK2   BANK3   BANK4   BANK5
      Params:         3       0       0       0       0       0       0
      Locals:         0       0       0       0       0       0       0
      Temps:          2       0       0       0       0       0       0
      Totals:         5       0       0       0       0       0       0
Total ram usage:        5 bytes
 Hardware stack levels used:    1
 Hardware stack levels required when called:    5
 This function calls:
		_wl_module_config_register
		_spi_fast_shift
		_spi_transmit_sync
 This function is called by:
		_main
 This function uses a non-reentrant model


 *************** function _wl_module_config_register *****************
 Defined at:
		line 438 in file "wl_module.c"
 Parameters:    Size  Location     Type
  reg             1   21[COMRAM] unsigned char 
  value           1   22[COMRAM] unsigned char 
 Auto vars:     Size  Location     Type
		None
 Return value:  Size  Location     Type
		None               void
 Registers used:
		wreg, status,2, status,0, cstack
 Tracked objects:
		On entry : 
		On exit  : 
		Unchanged: 
 Data sizes:     COMRAM   BANK0   BANK1   BANK2   BANK3   BANK4   BANK5
      Params:         2       0       0       0       0       0       0
      Locals:         0       0       0       0       0       0       0
      Temps:          0       0       0       0       0       0       0
      Totals:         2       0       0       0       0       0       0
Total ram usage:        2 bytes
 Hardware stack levels used:    1
 Hardware stack levels required when called:    4
 This function calls:
		_spi_fast_shift
 This function is called by:
		_wl_module_tx_config
		_wl_module_send
		_wl_module_config
		_wl_module_rx_config
		_wl_module_get_data
 This function uses a non-reentrant model


 *************** function _spi_init *****************
 Defined at:
		line 4 in file "spi.c"
 Parameters:    Size  Location     Type
		None
 Auto vars:     Size  Location     Type
		None
 Return value:  Size  Location     Type
		None               void
 Registers used:
		None
 Tracked objects:
		On entry : 
		On exit  : 
		Unchanged: 
 Data sizes:     COMRAM   BANK0   BANK1   BANK2   BANK3   BANK4   BANK5
      Params:         0       0       0       0       0       0       0
      Locals:         0       0       0       0       0       0       0
      Temps:          0       0       0       0       0       0       0
      Totals:         0       0       0       0       0       0       0
Total ram usage:        0 bytes
 Hardware stack levels used:    1
 Hardware stack levels required when called:    3
 This function calls:
		Nothing
 This function is called by:
		_wl_module_init
 This function uses a non-reentrant model


 *************** function _wl_module_set_TADDR *****************
 Defined at:
		line 320 in file "wl_module.c"
 Parameters:    Size  Location     Type
  adr             2   29[COMRAM] PTR unsigned char 
		 -> wl_module_tx_config@tx_addr(5), 
 Auto vars:     Size  Location     Type
		None
 Return value:  Size  Location     Type
		None               void
 Registers used:
		wreg, fsr0l, fsr0h, fsr1l, fsr1h, fsr2l, fsr2h, status,2, status,0, pclat, tosl, structret, tblptrl, tblptrh, tblptru, prodl, prodh, bsr, cstack
 Tracked objects:
		On entry : 
		On exit  : 
		Unchanged: 
 Data sizes:     COMRAM   BANK0   BANK1   BANK2   BANK3   BANK4   BANK5
      Params:         2       0       0       0       0       0       0
      Locals:         0       0       0       0       0       0       0
      Temps:          2       0       0       0       0       0       0
      Totals:         4       0       0       0       0       0       0
Total ram usage:        4 bytes
 Hardware stack levels used:    1
 Hardware stack levels required when called:    5
 This function calls:
		_wl_module_write_register
 This function is called by:
		_wl_module_tx_config
 This function uses a non-reentrant model


 *************** function _wl_module_set_RADDR *****************
 Defined at:
		line 312 in file "wl_module.c"
 Parameters:    Size  Location     Type
  adr             2   29[COMRAM] PTR unsigned char 
		 -> wl_module_tx_config@tx_addr(5), 
 Auto vars:     Size  Location     Type
		None
 Return value:  Size  Location     Type
		None               void
 Registers used:
		wreg, fsr0l, fsr0h, fsr1l, fsr1h, fsr2l, fsr2h, status,2, status,0, pclat, tosl, structret, tblptrl, tblptrh, tblptru, prodl, prodh, bsr, cstack
 Tracked objects:
		On entry : 
		On exit  : 
		Unchanged: 
 Data sizes:     COMRAM   BANK0   BANK1   BANK2   BANK3   BANK4   BANK5
      Params:         2       0       0       0       0       0       0
      Locals:         0       0       0       0       0       0       0
      Temps:          2       0       0       0       0       0       0
      Totals:         4       0       0       0       0       0       0
Total ram usage:        4 bytes
 Hardware stack levels used:    1
 Hardware stack levels required when called:    5
 This function calls:
		_wl_module_write_register
 This function is called by:
		_wl_module_tx_config
 This function uses a non-reentrant model


 *************** function _wl_module_write_register *****************
 Defined at:
		line 456 in file "wl_module.c"
 Parameters:    Size  Location     Type
  reg             1   25[COMRAM] unsigned char 
  value           2   26[COMRAM] PTR unsigned char 
		 -> wl_module_set_rx_pw@payloadwidth(1), wl_module_power_down@config(1), wl_module_set_as_tx@config(1), wl_module_tx_config@tx_addr(5), 
		 -> wl_module_rx_config@data(5), 
  len             1   28[COMRAM] unsigned char 
 Auto vars:     Size  Location     Type
		None
 Return value:  Size  Location     Type
		None               void
 Registers used:
		wreg, fsr2l, fsr2h, status,2, status,0, cstack
 Tracked objects:
		On entry : 
		On exit  : 
		Unchanged: 
 Data sizes:     COMRAM   BANK0   BANK1   BANK2   BANK3   BANK4   BANK5
      Params:         4       0       0       0       0       0       0
      Locals:         0       0       0       0       0       0       0
      Temps:          0       0       0       0       0       0       0
      Totals:         4       0       0       0       0       0       0
Total ram usage:        4 bytes
 Hardware stack levels used:    1
 Hardware stack levels required when called:    4
 This function calls:
		_spi_fast_shift
		_spi_transmit_sync
 This function is called by:
		_wl_module_set_RADDR
		_wl_module_set_TADDR
		_wl_module_set_tx_addr
		_wl_module_set_as_tx
		_wl_module_power_down
		_wl_module_set_rx_addr
		_wl_module_set_rx_pw
 This function uses a non-reentrant model


 *************** function _spi_fast_shift *****************
 Defined at:
		line 49 in file "spi.c"
 Parameters:    Size  Location     Type
  data            1   20[COMRAM] unsigned char 
 Auto vars:     Size  Location     Type
		None
 Return value:  Size  Location     Type
                  1    wreg      unsigned char 
 Registers used:
		wreg, status,2
 Tracked objects:
		On entry : 
		On exit  : 
		Unchanged: 
 Data sizes:     COMRAM   BANK0   BANK1   BANK2   BANK3   BANK4   BANK5
      Params:         1       0       0       0       0       0       0
      Locals:         0       0       0       0       0       0       0
      Temps:          0       0       0       0       0       0       0
      Totals:         1       0       0       0       0       0       0
Total ram usage:        1 bytes
 Hardware stack levels used:    1
 Hardware stack levels required when called:    3
 This function calls:
		Nothing
 This function is called by:
		_wl_module_config_register
		_wl_module_write_register
		_wl_module_send
		_wl_module_data_ready
		_wl_module_get_one_byte
		_wl_module_get_data
		_wl_module_read_register
 This function uses a non-reentrant model


 *************** function _spi_transmit_sync *****************
 Defined at:
		line 25 in file "spi.c"
 Parameters:    Size  Location     Type
  data            2   20[COMRAM] PTR unsigned char 
		 -> wl_module_set_rx_pw@payloadwidth(1), wl_module_power_down@config(1), wl_module_set_as_tx@config(1), wl_module_tx_config@tx_addr(5), 
		 -> wl_module_rx_config@data(5), main@payload(16), 
  length          2   22[COMRAM] unsigned int 
 Auto vars:     Size  Location     Type
  tmp             1   24[COMRAM] unsigned char 
 Return value:  Size  Location     Type
		None               void
 Registers used:
		wreg, fsr2l, fsr2h, status,2, status,0
 Tracked objects:
		On entry : 
		On exit  : 
		Unchanged: 
 Data sizes:     COMRAM   BANK0   BANK1   BANK2   BANK3   BANK4   BANK5
      Params:         4       0       0       0       0       0       0
      Locals:         1       0       0       0       0       0       0
      Temps:          0       0       0       0       0       0       0
      Totals:         5       0       0       0       0       0       0
Total ram usage:        5 bytes
 Hardware stack levels used:    1
 Hardware stack levels required when called:    3
 This function calls:
		Nothing
 This function is called by:
		_wl_module_write_register
		_wl_module_send
 This function uses a non-reentrant model


 *************** function _ISR *****************
 Defined at:
		line 156 in file "main.c"
 Parameters:    Size  Location     Type
		None
 Auto vars:     Size  Location     Type
  status          1   19[COMRAM] unsigned char 
 Return value:  Size  Location     Type
		None               void
 Registers used:
		wreg, status,2, status,0, cstack
 Tracked objects:
		On entry : 
		On exit  : 
		Unchanged: 
 Data sizes:     COMRAM   BANK0   BANK1   BANK2   BANK3   BANK4   BANK5
      Params:         0       0       0       0       0       0       0
      Locals:         1       0       0       0       0       0       0
      Temps:         16       0       0       0       0       0       0
      Totals:        17       0       0       0       0       0       0
Total ram usage:       17 bytes
 Hardware stack levels used:    1
 Hardware stack levels required when called:    2
 This function calls:
		i2_spi_fast_shift
		i2_wl_module_config_register
 This function is called by:
		Interrupt level 2
 This function uses a non-reentrant model


 *************** function i2_wl_module_config_register *****************
 Defined at:
		line 438 in file "wl_module.c"
 Parameters:    Size  Location     Type
  wl_module_co    1    1[COMRAM] unsigned char 
  wl_module_co    1    2[COMRAM] unsigned char 
 Auto vars:     Size  Location     Type
		None
 Return value:  Size  Location     Type
		None               void
 Registers used:
		wreg, status,2, status,0, cstack
 Tracked objects:
		On entry : 
		On exit  : 
		Unchanged: 
 Data sizes:     COMRAM   BANK0   BANK1   BANK2   BANK3   BANK4   BANK5
      Params:         2       0       0       0       0       0       0
      Locals:         0       0       0       0       0       0       0
      Temps:          0       0       0       0       0       0       0
      Totals:         2       0       0       0       0       0       0
Total ram usage:        2 bytes
 Hardware stack levels used:    1
 Hardware stack levels required when called:    1
 This function calls:
		i2_spi_fast_shift
 This function is called by:
		_ISR
 This function uses a non-reentrant model


 *************** function i2_spi_fast_shift *****************
 Defined at:
		line 49 in file "spi.c"
 Parameters:    Size  Location     Type
  spi_fast_shi    1    0[COMRAM] unsigned char 
 Auto vars:     Size  Location     Type
		None
 Return value:  Size  Location     Type
                  1    wreg      unsigned char 
 Registers used:
		wreg, status,2
 Tracked objects:
		On entry : 
		On exit  : 
		Unchanged: 
 Data sizes:     COMRAM   BANK0   BANK1   BANK2   BANK3   BANK4   BANK5
      Params:         1       0       0       0       0       0       0
      Locals:         0       0       0       0       0       0       0
      Temps:          0       0       0       0       0       0       0
      Totals:         1       0       0       0       0       0       0
Total ram usage:        1 bytes
 Hardware stack levels used:    1
 This function calls:
		Nothing
 This function is called by:
		_ISR
		i2_wl_module_config_register
 This function uses a non-reentrant model



MODULE INFORMATION

Module		Function		Class		Link	Load	Size
wl_module.c
		_wl_module_tx_c		CODE           	0102	0000	466
		_wl_module_writ		CODE           	0454	0000	36
		_wl_module_conf		CODE           	04F4	0000	26
		_wl_module_send		CODE           	038E	0000	100
		_wl_module_init		CODE           	04DA	0000	26
		_wl_module_set_		CODE           	049A	0000	34
		_wl_module_set_		CODE           	04BC	0000	30

wl_module.c estimated size: 718

shared
		i2_spi_fast_shi		CODE           	053E	0000	22
		__initializatio		CODE           	0554	0000	12
		i2_wl_module_co		CODE           	050E	0000	26

shared estimated size: 60

main.c
		_ISR           		CODE           	0008	0000	246
		_main          		CODE           	02D4	0000	186
		__delay_10ms   		CODE           	042C	0000	40

main.c estimated size: 472

spi.c
		_spi_init      		CODE           	0478	0000	34
		_spi_transmit_s		CODE           	03F2	0000	58
		_spi_fast_shift		CODE           	0528	0000	22

spi.c estimated size: 114

